ARM Linker, 5.03 [Build 24] [MDK-ARM Professional]

==============================================================================

Section Cross References

    main.o(.text) refers to delay.o(.text) for delay_init
    main.o(.text) refers to baffle.o(.text) for Baffle_GPIO_Config
    main.o(.text) refers to communication.o(.text) for Communication_GPIO_Config
    main.o(.text) refers to usart.o(.text) for USART1_Config
    main.o(.text) refers to exti.o(.text) for EXTIX_Init
    main.o(.text) refers to led.o(.text) for LED_GPIO_Config
    main.o(.text) refers to tim.o(.text) for TIM2_Config
    main.o(.text) refers to main.o(.data) for Device_State
    crc16.o(.text) refers to crc16.o(.constdata) for g_McRctable_16
    stm32f10x_it.o(.text) refers to stm32f10x_tim.o(.text) for TIM_GetITStatus
    stm32f10x_it.o(.text) refers to led.o(.text) for Led_Flash
    stm32f10x_it.o(.text) refers to baffle.o(.text) for Baffle_Time_Irq
    stm32f10x_it.o(.text) refers to communication.o(.text) for Comm_With_Device_State
    stm32f10x_it.o(.text) refers to exti.o(.text) for Control_Input_IRQTimer
    stm32f10x_it.o(.text) refers to stm32f10x_usart.o(.text) for USART_GetFlagStatus
    stm32f10x_it.o(.text) refers to usart.o(.text) for USART1_Do_Rx
    stm32f10x_it.o(.text) refers to usart.o(.bss) for Usart1_Control_Data
    stm32f10x_it.o(.text) refers to usart.o(.data) for Auto_Frame_Time1
    tim.o(.text) refers to misc.o(.text) for NVIC_PriorityGroupConfig
    tim.o(.text) refers to stm32f10x_rcc.o(.text) for RCC_APB1PeriphClockCmd
    tim.o(.text) refers to stm32f10x_tim.o(.text) for TIM_DeInit
    usart.o(.text) refers to misc.o(.text) for NVIC_PriorityGroupConfig
    usart.o(.text) refers to stm32f10x_rcc.o(.text) for RCC_APB2PeriphClockCmd
    usart.o(.text) refers to stm32f10x_gpio.o(.text) for GPIO_Init
    usart.o(.text) refers to stm32f10x_usart.o(.text) for USART_Init
    usart.o(.text) refers to usart.o(.bss) for Usart1_Control_Data
    usart.o(.text) refers to usart.o(.data) for Auto_Frame_Time1
    delay.o(.text) refers to misc.o(.text) for SysTick_CLKSourceConfig
    delay.o(.text) refers to system_stm32f10x.o(.data) for SystemCoreClock
    delay.o(.text) refers to delay.o(.data) for fac_us
    led.o(.text) refers to stm32f10x_rcc.o(.text) for RCC_APB2PeriphClockCmd
    led.o(.text) refers to stm32f10x_gpio.o(.text) for GPIO_Init
    led.o(.text) refers to led.o(.data) for Gled_Num
    communication.o(.text) refers to stm32f10x_rcc.o(.text) for RCC_APB2PeriphClockCmd
    communication.o(.text) refers to stm32f10x_gpio.o(.text) for GPIO_Init
    communication.o(.text) refers to crc16.o(.text) for CRC_GetCCITT
    communication.o(.text) refers to stm32f10x_usart.o(.text) for USART_SendData
    communication.o(.text) refers to main.o(.data) for Device_State
    communication.o(.text) refers to communication.o(.data) for delaytime1
    communication.o(.text) refers to exti.o(.bss) for Control
    communication.o(.text) refers to usart.o(.bss) for Usart1_Control_Data
    communication.o(.text) refers to communication.o(.bss) for Host_Control
    communication.o(.text) refers to usart.o(.data) for Auto_Frame_Time2
    communication.o(.text) refers to baffle.o(.bss) for Baffle_Control
    communication.o(.text) refers to led.o(.data) for Rled_Num
    baffle.o(.text) refers to stm32f10x_rcc.o(.text) for RCC_APB2PeriphClockCmd
    baffle.o(.text) refers to stm32f10x_gpio.o(.text) for GPIO_Init
    baffle.o(.text) refers to communication.o(.text) for Update_Err_Scanner_Data
    baffle.o(.text) refers to exti.o(.bss) for Control
    baffle.o(.text) refers to baffle.o(.bss) for Baffle_Control
    baffle.o(.text) refers to baffle.o(.data) for inter_delay_time
    exti.o(.text) refers to stm32f10x_rcc.o(.text) for RCC_APB2PeriphClockCmd
    exti.o(.text) refers to stm32f10x_gpio.o(.text) for GPIO_EXTILineConfig
    exti.o(.text) refers to stm32f10x_exti.o(.text) for EXTI_Init
    exti.o(.text) refers to misc.o(.text) for NVIC_Init
    exti.o(.text) refers to exti.o(.bss) for Control
    stm32f10x_bkp.o(.text) refers to stm32f10x_rcc.o(.text) for RCC_BackupResetCmd
    stm32f10x_gpio.o(.text) refers to stm32f10x_rcc.o(.text) for RCC_APB2PeriphResetCmd
    stm32f10x_pwr.o(.text) refers to stm32f10x_rcc.o(.text) for RCC_APB1PeriphResetCmd
    stm32f10x_rcc.o(.text) refers to stm32f10x_rcc.o(.data) for APBAHBPrescTable
    stm32f10x_tim.o(.text) refers to stm32f10x_rcc.o(.text) for RCC_APB2PeriphResetCmd
    stm32f10x_usart.o(.text) refers to stm32f10x_rcc.o(.text) for RCC_APB2PeriphResetCmd
    system_stm32f10x.o(.text) refers to system_stm32f10x.o(.data) for SystemCoreClock
    startup_stm32f10x_hd.o(RESET) refers to startup_stm32f10x_hd.o(STACK) for __initial_sp
    startup_stm32f10x_hd.o(RESET) refers to startup_stm32f10x_hd.o(.text) for Reset_Handler
    startup_stm32f10x_hd.o(RESET) refers to stm32f10x_it.o(.text) for NMI_Handler
    startup_stm32f10x_hd.o(RESET) refers to exti.o(.text) for EXTI0_IRQHandler
    startup_stm32f10x_hd.o(.text) refers to system_stm32f10x.o(.text) for SystemInit
    startup_stm32f10x_hd.o(.text) refers to entry.o(.ARM.Collect$$$$00000000) for __main
    entry.o(.ARM.Collect$$$$00000000) refers (Special) to entry10a.o(.ARM.Collect$$$$0000000D) for __rt_final_cpp
    entry.o(.ARM.Collect$$$$00000000) refers (Special) to entry11a.o(.ARM.Collect$$$$0000000F) for __rt_final_exit
    entry.o(.ARM.Collect$$$$00000000) refers (Special) to entry7b.o(.ARM.Collect$$$$00000008) for _main_clock
    entry.o(.ARM.Collect$$$$00000000) refers (Special) to entry8b.o(.ARM.Collect$$$$0000000A) for _main_cpp_init
    entry.o(.ARM.Collect$$$$00000000) refers (Special) to entry9a.o(.ARM.Collect$$$$0000000B) for _main_init
    entry.o(.ARM.Collect$$$$00000000) refers (Special) to entry5.o(.ARM.Collect$$$$00000004) for _main_scatterload
    entry.o(.ARM.Collect$$$$00000000) refers (Special) to entry2.o(.ARM.Collect$$$$00000001) for _main_stk
    entry2.o(.ARM.Collect$$$$00000001) refers to entry2.o(.ARM.Collect$$$$00002712) for __lit__00000000
    entry2.o(.ARM.Collect$$$$00002712) refers to startup_stm32f10x_hd.o(STACK) for __initial_sp
    entry2.o(__vectab_stack_and_reset_area) refers to startup_stm32f10x_hd.o(STACK) for __initial_sp
    entry2.o(__vectab_stack_and_reset_area) refers to entry.o(.ARM.Collect$$$$00000000) for __main
    entry5.o(.ARM.Collect$$$$00000004) refers to init.o(.text) for __scatterload
    entry9a.o(.ARM.Collect$$$$0000000B) refers to main.o(.text) for main
    entry9b.o(.ARM.Collect$$$$0000000C) refers to main.o(.text) for main
    init.o(.text) refers to entry5.o(.ARM.Collect$$$$00000004) for __main_after_scatterload


==============================================================================

Removing Unused input sections from the image.

    Removing stm32f10x_bkp.o(.text), (196 bytes).
    Removing stm32f10x_pwr.o(.text), (204 bytes).
    Removing stm32f10x_rtc.o(.text), (324 bytes).
    Removing stm32f10x_sdio.o(.text), (472 bytes).
    Removing core_cm3.o(.emb_text), (32 bytes).
    Removing startup_stm32f10x_hd.o(HEAP), (512 bytes).

6 unused section(s) (total 1740 bytes) removed from the image.

==============================================================================

Image Symbol Table

    Local Symbols

    Symbol Name                              Value     Ov Type        Size  Object(Section)

    ../clib/microlib/init/entry.s            0x00000000   Number         0  entry5.o ABSOLUTE
    ../clib/microlib/init/entry.s            0x00000000   Number         0  entry2.o ABSOLUTE
    ../clib/microlib/init/entry.s            0x00000000   Number         0  entry.o ABSOLUTE
    ../clib/microlib/init/entry.s            0x00000000   Number         0  entry8b.o ABSOLUTE
    ../clib/microlib/init/entry.s            0x00000000   Number         0  entry11b.o ABSOLUTE
    ../clib/microlib/init/entry.s            0x00000000   Number         0  entry11a.o ABSOLUTE
    ../clib/microlib/init/entry.s            0x00000000   Number         0  entry10b.o ABSOLUTE
    ../clib/microlib/init/entry.s            0x00000000   Number         0  entry10a.o ABSOLUTE
    ../clib/microlib/init/entry.s            0x00000000   Number         0  entry9b.o ABSOLUTE
    ../clib/microlib/init/entry.s            0x00000000   Number         0  entry9a.o ABSOLUTE
    ../clib/microlib/init/entry.s            0x00000000   Number         0  entry8a.o ABSOLUTE
    ../clib/microlib/init/entry.s            0x00000000   Number         0  entry7b.o ABSOLUTE
    ../clib/microlib/init/entry.s            0x00000000   Number         0  entry7a.o ABSOLUTE
    ..\BSP\EXTI\exti.c                       0x00000000   Number         0  exti.o ABSOLUTE
    ..\Libraries\CMSIS\core_cm3.c            0x00000000   Number         0  core_cm3.o ABSOLUTE
    ..\Libraries\CMSIS\startup\arm\startup_stm32f10x_hd.s 0x00000000   Number         0  startup_stm32f10x_hd.o ABSOLUTE
    ..\Libraries\CMSIS\system_stm32f10x.c    0x00000000   Number         0  system_stm32f10x.o ABSOLUTE
    ..\Libraries\STM32F10x_StdPeriph_Driver\src\misc.c 0x00000000   Number         0  misc.o ABSOLUTE
    ..\Libraries\STM32F10x_StdPeriph_Driver\src\stm32f10x_bkp.c 0x00000000   Number         0  stm32f10x_bkp.o ABSOLUTE
    ..\Libraries\STM32F10x_StdPeriph_Driver\src\stm32f10x_exti.c 0x00000000   Number         0  stm32f10x_exti.o ABSOLUTE
    ..\Libraries\STM32F10x_StdPeriph_Driver\src\stm32f10x_gpio.c 0x00000000   Number         0  stm32f10x_gpio.o ABSOLUTE
    ..\Libraries\STM32F10x_StdPeriph_Driver\src\stm32f10x_pwr.c 0x00000000   Number         0  stm32f10x_pwr.o ABSOLUTE
    ..\Libraries\STM32F10x_StdPeriph_Driver\src\stm32f10x_rcc.c 0x00000000   Number         0  stm32f10x_rcc.o ABSOLUTE
    ..\Libraries\STM32F10x_StdPeriph_Driver\src\stm32f10x_rtc.c 0x00000000   Number         0  stm32f10x_rtc.o ABSOLUTE
    ..\Libraries\STM32F10x_StdPeriph_Driver\src\stm32f10x_sdio.c 0x00000000   Number         0  stm32f10x_sdio.o ABSOLUTE
    ..\Libraries\STM32F10x_StdPeriph_Driver\src\stm32f10x_tim.c 0x00000000   Number         0  stm32f10x_tim.o ABSOLUTE
    ..\Libraries\STM32F10x_StdPeriph_Driver\src\stm32f10x_usart.c 0x00000000   Number         0  stm32f10x_usart.o ABSOLUTE
    ..\USER\TIM.C                            0x00000000   Number         0  tim.o ABSOLUTE
    ..\USER\baffle.c                         0x00000000   Number         0  baffle.o ABSOLUTE
    ..\USER\communication.c                  0x00000000   Number         0  communication.o ABSOLUTE
    ..\USER\crc16.c                          0x00000000   Number         0  crc16.o ABSOLUTE
    ..\USER\delay\delay.c                    0x00000000   Number         0  delay.o ABSOLUTE
    ..\USER\led\led.c                        0x00000000   Number         0  led.o ABSOLUTE
    ..\USER\main.c                           0x00000000   Number         0  main.o ABSOLUTE
    ..\USER\stm32f10x_it.c                   0x00000000   Number         0  stm32f10x_it.o ABSOLUTE
    ..\USER\usart.c                          0x00000000   Number         0  usart.o ABSOLUTE
    ..\\Libraries\\CMSIS\\core_cm3.c         0x00000000   Number         0  core_cm3.o ABSOLUTE
    dc.s                                     0x00000000   Number         0  dc.o ABSOLUTE
    handlers.s                               0x00000000   Number         0  handlers.o ABSOLUTE
    init.s                                   0x00000000   Number         0  init.o ABSOLUTE
    RESET                                    0x08000000   Section      304  startup_stm32f10x_hd.o(RESET)
    .ARM.Collect$$$$00000000                 0x08000130   Section        0  entry.o(.ARM.Collect$$$$00000000)
    .ARM.Collect$$$$00000001                 0x08000130   Section        4  entry2.o(.ARM.Collect$$$$00000001)
    .ARM.Collect$$$$00000004                 0x08000134   Section        4  entry5.o(.ARM.Collect$$$$00000004)
    .ARM.Collect$$$$00000008                 0x08000138   Section        0  entry7b.o(.ARM.Collect$$$$00000008)
    .ARM.Collect$$$$0000000A                 0x08000138   Section        0  entry8b.o(.ARM.Collect$$$$0000000A)
    .ARM.Collect$$$$0000000B                 0x08000138   Section        8  entry9a.o(.ARM.Collect$$$$0000000B)
    .ARM.Collect$$$$0000000D                 0x08000140   Section        0  entry10a.o(.ARM.Collect$$$$0000000D)
    .ARM.Collect$$$$0000000F                 0x08000140   Section        0  entry11a.o(.ARM.Collect$$$$0000000F)
    .ARM.Collect$$$$00002712                 0x08000140   Section        4  entry2.o(.ARM.Collect$$$$00002712)
    __lit__00000000                          0x08000140   Data           4  entry2.o(.ARM.Collect$$$$00002712)
    .text                                    0x08000144   Section        0  main.o(.text)
    .text                                    0x080001a4   Section        0  crc16.o(.text)
    GetCrc_16                                0x080001a5   Thumb Code    34  crc16.o(.text)
    crc16_ccitt                              0x080001c7   Thumb Code    76  crc16.o(.text)
    .text                                    0x0800023c   Section        0  stm32f10x_it.o(.text)
    .text                                    0x08000424   Section        0  tim.o(.text)
    TIM2_Interrupts_Config                   0x08000425   Thumb Code    42  tim.o(.text)
    TIM3_Interrupts_Config                   0x0800044f   Thumb Code    38  tim.o(.text)
    TIM4_Interrupts_Config                   0x08000475   Thumb Code    42  tim.o(.text)
    .text                                    0x08000598   Section        0  usart.o(.text)
    Init_USART1                              0x08000599   Thumb Code    18  usart.o(.text)
    Init_USART2                              0x080005ab   Thumb Code    18  usart.o(.text)
    Init_USART3                              0x080005bd   Thumb Code    18  usart.o(.text)
    USART1_Interrupts_Config                 0x080005cf   Thumb Code    40  usart.o(.text)
    USART2_Interrupts_Config                 0x080005f7   Thumb Code    40  usart.o(.text)
    USART3_Interrupts_Config                 0x0800061f   Thumb Code    42  usart.o(.text)
    .text                                    0x08000be0   Section        0  delay.o(.text)
    .text                                    0x08000cb0   Section        0  led.o(.text)
    Gled_Flash                               0x08000d0d   Thumb Code    72  led.o(.text)
    Rled_Flash                               0x08000d55   Thumb Code    72  led.o(.text)
    .text                                    0x08000e2c   Section        0  communication.o(.text)
    Execute_Host_Comm                        0x08000f89   Thumb Code   232  communication.o(.text)
    response_reader                          0x08001071   Thumb Code    38  communication.o(.text)
    Copy_Scanner_Data                        0x08001097   Thumb Code   306  communication.o(.text)
    .text                                    0x08001460   Section        0  baffle.o(.text)
    .text                                    0x08001600   Section        0  exti.o(.text)
    EXTIX0_Init                              0x08001601   Thumb Code   112  exti.o(.text)
    EXTIX15_10_Init                          0x08001671   Thumb Code   122  exti.o(.text)
    .text                                    0x08001894   Section        0  misc.o(.text)
    .text                                    0x08001970   Section        0  stm32f10x_exti.o(.text)
    .text                                    0x08001a8c   Section        0  stm32f10x_gpio.o(.text)
    .text                                    0x08001de4   Section        0  stm32f10x_rcc.o(.text)
    .text                                    0x08002188   Section        0  stm32f10x_tim.o(.text)
    TI4_Config                               0x0800262f   Thumb Code   130  stm32f10x_tim.o(.text)
    TI3_Config                               0x080026c3   Thumb Code   122  stm32f10x_tim.o(.text)
    TI2_Config                               0x08002757   Thumb Code   130  stm32f10x_tim.o(.text)
    TI1_Config                               0x080027eb   Thumb Code   108  stm32f10x_tim.o(.text)
    .text                                    0x08002fa4   Section        0  stm32f10x_usart.o(.text)
    .text                                    0x080033ac   Section        0  system_stm32f10x.o(.text)
    SetSysClockTo72                          0x080033ad   Thumb Code   212  system_stm32f10x.o(.text)
    SetSysClock                              0x08003481   Thumb Code     8  system_stm32f10x.o(.text)
    .text                                    0x08003588   Section       36  startup_stm32f10x_hd.o(.text)
    .text                                    0x080035ac   Section       36  init.o(.text)
    i.__scatterload_copy                     0x080035d0   Section       14  handlers.o(i.__scatterload_copy)
    i.__scatterload_null                     0x080035de   Section        2  handlers.o(i.__scatterload_null)
    i.__scatterload_zeroinit                 0x080035e0   Section       14  handlers.o(i.__scatterload_zeroinit)
    .constdata                               0x080035ee   Section      512  crc16.o(.constdata)
    .data                                    0x20000000   Section        1  main.o(.data)
    .data                                    0x20000001   Section        5  usart.o(.data)
    old_frame_end1                           0x20000001   Data           1  usart.o(.data)
    old_frame_end2                           0x20000002   Data           1  usart.o(.data)
    .data                                    0x20000006   Section        4  delay.o(.data)
    fac_us                                   0x20000006   Data           1  delay.o(.data)
    fac_ms                                   0x20000008   Data           2  delay.o(.data)
    .data                                    0x2000000a   Section       12  led.o(.data)
    retry                                    0x2000000a   Data           1  led.o(.data)
    led_state                                0x2000000b   Data           1  led.o(.data)
    retry                                    0x2000000c   Data           1  led.o(.data)
    led_state                                0x2000000d   Data           1  led.o(.data)
    gled_light_time                          0x2000000e   Data           2  led.o(.data)
    rled_light_time                          0x20000010   Data           2  led.o(.data)
    .data                                    0x20000016   Section       12  communication.o(.data)
    delaytime1                               0x20000016   Data           1  communication.o(.data)
    delaytime2                               0x20000017   Data           1  communication.o(.data)
    scan_time                                0x20000018   Data           2  communication.o(.data)
    scan_time_old                            0x2000001a   Data           2  communication.o(.data)
    .data                                    0x20000022   Section        2  baffle.o(.data)
    inter_delay_time                         0x20000022   Data           1  baffle.o(.data)
    outer_delay_time                         0x20000023   Data           1  baffle.o(.data)
    .data                                    0x20000024   Section       20  stm32f10x_rcc.o(.data)
    APBAHBPrescTable                         0x20000024   Data          16  stm32f10x_rcc.o(.data)
    ADCPrescTable                            0x20000034   Data           4  stm32f10x_rcc.o(.data)
    .data                                    0x20000038   Section       20  system_stm32f10x.o(.data)
    .bss                                     0x2000004c   Section     3102  usart.o(.bss)
    .bss                                     0x20000c6a   Section       16  communication.o(.bss)
    .bss                                     0x20000c7a   Section       10  baffle.o(.bss)
    .bss                                     0x20000c84   Section        9  exti.o(.bss)
    STACK                                    0x20000c90   Section     1024  startup_stm32f10x_hd.o(STACK)

    Global Symbols

    Symbol Name                              Value     Ov Type        Size  Object(Section)

    BuildAttributes$$THM_ISAv4$P$D$K$B$S$PE$A:L22UL41UL21$X:L11$S22US41US21$IEEE1$IW$USESV6$~STKCKD$USESV7$~SHL$OSPACE$EBA8$MICROLIB$REQ8$PRES8$EABIv2 0x00000000   Number         0  anon$$obj.o ABSOLUTE
    __ARM_use_no_argv                        0x00000000   Number         0  main.o ABSOLUTE
    __cpp_initialize__aeabi_                  - Undefined Weak Reference
    __cxa_finalize                            - Undefined Weak Reference
    __decompress                              - Undefined Weak Reference
    _clock_init                               - Undefined Weak Reference
    _microlib_exit                            - Undefined Weak Reference
    __Vectors_Size                           0x00000130   Number         0  startup_stm32f10x_hd.o ABSOLUTE
    __Vectors                                0x08000000   Data           4  startup_stm32f10x_hd.o(RESET)
    __Vectors_End                            0x08000130   Data           0  startup_stm32f10x_hd.o(RESET)
    __main                                   0x08000131   Thumb Code     0  entry.o(.ARM.Collect$$$$00000000)
    _main_stk                                0x08000131   Thumb Code     0  entry2.o(.ARM.Collect$$$$00000001)
    _main_scatterload                        0x08000135   Thumb Code     0  entry5.o(.ARM.Collect$$$$00000004)
    __main_after_scatterload                 0x08000139   Thumb Code     0  entry5.o(.ARM.Collect$$$$00000004)
    _main_clock                              0x08000139   Thumb Code     0  entry7b.o(.ARM.Collect$$$$00000008)
    _main_cpp_init                           0x08000139   Thumb Code     0  entry8b.o(.ARM.Collect$$$$0000000A)
    _main_init                               0x08000139   Thumb Code     0  entry9a.o(.ARM.Collect$$$$0000000B)
    __rt_final_cpp                           0x08000141   Thumb Code     0  entry10a.o(.ARM.Collect$$$$0000000D)
    __rt_final_exit                          0x08000141   Thumb Code     0  entry11a.o(.ARM.Collect$$$$0000000F)
    delay_ms1                                0x08000145   Thumb Code    26  main.o(.text)
    main                                     0x0800015f   Thumb Code    66  main.o(.text)
    CRC_GetModbus16                          0x08000213   Thumb Code    22  crc16.o(.text)
    CRC_GetCCITT                             0x08000229   Thumb Code    16  crc16.o(.text)
    NMI_Handler                              0x0800023d   Thumb Code     2  stm32f10x_it.o(.text)
    HardFault_Handler                        0x0800023f   Thumb Code     4  stm32f10x_it.o(.text)
    MemManage_Handler                        0x08000243   Thumb Code     4  stm32f10x_it.o(.text)
    BusFault_Handler                         0x08000247   Thumb Code     4  stm32f10x_it.o(.text)
    UsageFault_Handler                       0x0800024b   Thumb Code     4  stm32f10x_it.o(.text)
    SVC_Handler                              0x0800024f   Thumb Code     2  stm32f10x_it.o(.text)
    DebugMon_Handler                         0x08000251   Thumb Code     2  stm32f10x_it.o(.text)
    PendSV_Handler                           0x08000253   Thumb Code     2  stm32f10x_it.o(.text)
    SysTick_Handler                          0x08000255   Thumb Code     2  stm32f10x_it.o(.text)
    TIM2_IRQHandler                          0x08000257   Thumb Code    34  stm32f10x_it.o(.text)
    TIM3_IRQHandler                          0x08000279   Thumb Code   184  stm32f10x_it.o(.text)
    USART1_IRQHandler                        0x08000331   Thumb Code    68  stm32f10x_it.o(.text)
    USART2_IRQHandler                        0x08000375   Thumb Code    68  stm32f10x_it.o(.text)
    USART3_IRQHandler                        0x080003b9   Thumb Code    68  stm32f10x_it.o(.text)
    TIM2_Config                              0x0800049f   Thumb Code    84  tim.o(.text)
    TIM3_Config                              0x080004f3   Thumb Code    80  tim.o(.text)
    TIM4_Config                              0x08000543   Thumb Code    78  tim.o(.text)
    USART1_Config                            0x08000649   Thumb Code   154  usart.o(.text)
    USART2_Config                            0x080006e3   Thumb Code   156  usart.o(.text)
    USART3_Config                            0x0800077f   Thumb Code   160  usart.o(.text)
    fputc                                    0x0800081f   Thumb Code    32  usart.o(.text)
    USART1_Putc                              0x0800083f   Thumb Code    28  usart.o(.text)
    USART1_Puts                              0x0800085b   Thumb Code    38  usart.o(.text)
    USART2_Putc                              0x08000881   Thumb Code    28  usart.o(.text)
    USART2_Puts                              0x0800089d   Thumb Code    38  usart.o(.text)
    USART3_Putc                              0x080008c3   Thumb Code    28  usart.o(.text)
    USART3_Puts                              0x080008df   Thumb Code    38  usart.o(.text)
    USART1_Do_Tx                             0x08000905   Thumb Code    50  usart.o(.text)
    USART2_Do_Tx                             0x08000937   Thumb Code    50  usart.o(.text)
    USART3_Do_Tx                             0x08000969   Thumb Code    82  usart.o(.text)
    USART1_Do_Rx                             0x080009bb   Thumb Code   224  usart.o(.text)
    USART2_Do_Rx                             0x08000a9b   Thumb Code   144  usart.o(.text)
    USART3_Do_Rx                             0x08000b2b   Thumb Code   144  usart.o(.text)
    delay_init                               0x08000be1   Thumb Code    50  delay.o(.text)
    delay_us                                 0x08000c13   Thumb Code    70  delay.o(.text)
    delay_ms                                 0x08000c59   Thumb Code    70  delay.o(.text)
    LED_GPIO_Config                          0x08000cb1   Thumb Code    92  led.o(.text)
    Led_Flash                                0x08000d9d   Thumb Code   100  led.o(.text)
    Communication_GPIO_Config                0x08000e2d   Thumb Code   112  communication.o(.text)
    Comm_With_Device_State                   0x08000e9d   Thumb Code   236  communication.o(.text)
    Dispose_Data_For_Host                    0x080011c9   Thumb Code    34  communication.o(.text)
    Respond_Host_Comm                        0x080011eb   Thumb Code    60  communication.o(.text)
    scanner_scan                             0x08001227   Thumb Code   254  communication.o(.text)
    Update_Err_Scanner_Data                  0x08001325   Thumb Code   268  communication.o(.text)
    Baffle_GPIO_Config                       0x08001461   Thumb Code   144  baffle.o(.text)
    Baffle_Control_Process                   0x080014f1   Thumb Code   132  baffle.o(.text)
    Baffle_Time_Irq                          0x08001575   Thumb Code   118  baffle.o(.text)
    EXTIX_Init                               0x080016eb   Thumb Code    12  exti.o(.text)
    EXTI0_IRQHandler                         0x080016f7   Thumb Code    34  exti.o(.text)
    EXTI3_IRQHandler                         0x08001719   Thumb Code    16  exti.o(.text)
    EXTI4_IRQHandler                         0x08001729   Thumb Code    18  exti.o(.text)
    EXTI9_5_IRQHandler                       0x0800173b   Thumb Code    60  exti.o(.text)
    EXTI15_10_IRQHandler                     0x08001777   Thumb Code   120  exti.o(.text)
    Control_Input_IRQTimer                   0x080017ef   Thumb Code   158  exti.o(.text)
    NVIC_PriorityGroupConfig                 0x08001895   Thumb Code    10  misc.o(.text)
    NVIC_Init                                0x0800189f   Thumb Code   102  misc.o(.text)
    NVIC_SetVectorTable                      0x08001905   Thumb Code    14  misc.o(.text)
    NVIC_SystemLPConfig                      0x08001913   Thumb Code    34  misc.o(.text)
    SysTick_CLKSourceConfig                  0x08001935   Thumb Code    40  misc.o(.text)
    EXTI_DeInit                              0x08001971   Thumb Code    28  stm32f10x_exti.o(.text)
    EXTI_Init                                0x0800198d   Thumb Code   142  stm32f10x_exti.o(.text)
    EXTI_StructInit                          0x08001a1b   Thumb Code    16  stm32f10x_exti.o(.text)
    EXTI_GenerateSWInterrupt                 0x08001a2b   Thumb Code    16  stm32f10x_exti.o(.text)
    EXTI_GetFlagStatus                       0x08001a3b   Thumb Code    22  stm32f10x_exti.o(.text)
    EXTI_ClearFlag                           0x08001a51   Thumb Code     8  stm32f10x_exti.o(.text)
    EXTI_GetITStatus                         0x08001a59   Thumb Code    34  stm32f10x_exti.o(.text)
    EXTI_ClearITPendingBit                   0x08001a7b   Thumb Code     8  stm32f10x_exti.o(.text)
    GPIO_DeInit                              0x08001a8d   Thumb Code   172  stm32f10x_gpio.o(.text)
    GPIO_AFIODeInit                          0x08001b39   Thumb Code    20  stm32f10x_gpio.o(.text)
    GPIO_Init                                0x08001b4d   Thumb Code   274  stm32f10x_gpio.o(.text)
    GPIO_StructInit                          0x08001c5f   Thumb Code    16  stm32f10x_gpio.o(.text)
    GPIO_ReadInputDataBit                    0x08001c6f   Thumb Code    18  stm32f10x_gpio.o(.text)
    GPIO_ReadInputData                       0x08001c81   Thumb Code     8  stm32f10x_gpio.o(.text)
    GPIO_ReadOutputDataBit                   0x08001c89   Thumb Code    18  stm32f10x_gpio.o(.text)
    GPIO_ReadOutputData                      0x08001c9b   Thumb Code     8  stm32f10x_gpio.o(.text)
    GPIO_SetBits                             0x08001ca3   Thumb Code     4  stm32f10x_gpio.o(.text)
    GPIO_ResetBits                           0x08001ca7   Thumb Code     4  stm32f10x_gpio.o(.text)
    GPIO_WriteBit                            0x08001cab   Thumb Code    10  stm32f10x_gpio.o(.text)
    GPIO_Write                               0x08001cb5   Thumb Code     4  stm32f10x_gpio.o(.text)
    GPIO_PinLockConfig                       0x08001cb9   Thumb Code    18  stm32f10x_gpio.o(.text)
    GPIO_EventOutputConfig                   0x08001ccb   Thumb Code    26  stm32f10x_gpio.o(.text)
    GPIO_EventOutputCmd                      0x08001ce5   Thumb Code     6  stm32f10x_gpio.o(.text)
    GPIO_PinRemapConfig                      0x08001ceb   Thumb Code   138  stm32f10x_gpio.o(.text)
    GPIO_EXTILineConfig                      0x08001d75   Thumb Code    66  stm32f10x_gpio.o(.text)
    GPIO_ETH_MediaInterfaceConfig            0x08001db7   Thumb Code     6  stm32f10x_gpio.o(.text)
    RCC_DeInit                               0x08001de5   Thumb Code    64  stm32f10x_rcc.o(.text)
    RCC_HSEConfig                            0x08001e25   Thumb Code    70  stm32f10x_rcc.o(.text)
    RCC_GetFlagStatus                        0x08001e6b   Thumb Code    56  stm32f10x_rcc.o(.text)
    RCC_WaitForHSEStartUp                    0x08001ea3   Thumb Code    56  stm32f10x_rcc.o(.text)
    RCC_AdjustHSICalibrationValue            0x08001edb   Thumb Code    20  stm32f10x_rcc.o(.text)
    RCC_HSICmd                               0x08001eef   Thumb Code     6  stm32f10x_rcc.o(.text)
    RCC_PLLConfig                            0x08001ef5   Thumb Code    24  stm32f10x_rcc.o(.text)
    RCC_PLLCmd                               0x08001f0d   Thumb Code     6  stm32f10x_rcc.o(.text)
    RCC_SYSCLKConfig                         0x08001f13   Thumb Code    18  stm32f10x_rcc.o(.text)
    RCC_GetSYSCLKSource                      0x08001f25   Thumb Code    10  stm32f10x_rcc.o(.text)
    RCC_HCLKConfig                           0x08001f2f   Thumb Code    18  stm32f10x_rcc.o(.text)
    RCC_PCLK1Config                          0x08001f41   Thumb Code    18  stm32f10x_rcc.o(.text)
    RCC_PCLK2Config                          0x08001f53   Thumb Code    20  stm32f10x_rcc.o(.text)
    RCC_ITConfig                             0x08001f67   Thumb Code    26  stm32f10x_rcc.o(.text)
    RCC_USBCLKConfig                         0x08001f81   Thumb Code     6  stm32f10x_rcc.o(.text)
    RCC_ADCCLKConfig                         0x08001f87   Thumb Code    18  stm32f10x_rcc.o(.text)
    RCC_LSEConfig                            0x08001f99   Thumb Code    44  stm32f10x_rcc.o(.text)
    RCC_LSICmd                               0x08001fc5   Thumb Code     6  stm32f10x_rcc.o(.text)
    RCC_RTCCLKConfig                         0x08001fcb   Thumb Code    12  stm32f10x_rcc.o(.text)
    RCC_RTCCLKCmd                            0x08001fd7   Thumb Code     8  stm32f10x_rcc.o(.text)
    RCC_GetClocksFreq                        0x08001fdf   Thumb Code   192  stm32f10x_rcc.o(.text)
    RCC_AHBPeriphClockCmd                    0x0800209f   Thumb Code    26  stm32f10x_rcc.o(.text)
    RCC_APB2PeriphClockCmd                   0x080020b9   Thumb Code    26  stm32f10x_rcc.o(.text)
    RCC_APB1PeriphClockCmd                   0x080020d3   Thumb Code    26  stm32f10x_rcc.o(.text)
    RCC_APB2PeriphResetCmd                   0x080020ed   Thumb Code    26  stm32f10x_rcc.o(.text)
    RCC_APB1PeriphResetCmd                   0x08002107   Thumb Code    26  stm32f10x_rcc.o(.text)
    RCC_BackupResetCmd                       0x08002121   Thumb Code     8  stm32f10x_rcc.o(.text)
    RCC_ClockSecuritySystemCmd               0x08002129   Thumb Code     6  stm32f10x_rcc.o(.text)
    RCC_MCOConfig                            0x0800212f   Thumb Code     6  stm32f10x_rcc.o(.text)
    RCC_ClearFlag                            0x08002135   Thumb Code    14  stm32f10x_rcc.o(.text)
    RCC_GetITStatus                          0x08002143   Thumb Code    20  stm32f10x_rcc.o(.text)
    RCC_ClearITPendingBit                    0x08002157   Thumb Code     6  stm32f10x_rcc.o(.text)
    TIM_DeInit                               0x08002189   Thumb Code   424  stm32f10x_tim.o(.text)
    TIM_TimeBaseInit                         0x08002331   Thumb Code   122  stm32f10x_tim.o(.text)
    TIM_OC1Init                              0x080023ab   Thumb Code   132  stm32f10x_tim.o(.text)
    TIM_OC2Init                              0x0800242f   Thumb Code   154  stm32f10x_tim.o(.text)
    TIM_OC3Init                              0x080024c9   Thumb Code   150  stm32f10x_tim.o(.text)
    TIM_OC4Init                              0x0800255f   Thumb Code   182  stm32f10x_tim.o(.text)
    TIM_SetIC4Prescaler                      0x08002615   Thumb Code    26  stm32f10x_tim.o(.text)
    TIM_SetIC3Prescaler                      0x080026b1   Thumb Code    18  stm32f10x_tim.o(.text)
    TIM_SetIC2Prescaler                      0x0800273d   Thumb Code    26  stm32f10x_tim.o(.text)
    TIM_SetIC1Prescaler                      0x080027d9   Thumb Code    18  stm32f10x_tim.o(.text)
    TIM_ICInit                               0x08002857   Thumb Code   150  stm32f10x_tim.o(.text)
    TIM_PWMIConfig                           0x080028ed   Thumb Code   124  stm32f10x_tim.o(.text)
    TIM_BDTRConfig                           0x08002969   Thumb Code    32  stm32f10x_tim.o(.text)
    TIM_TimeBaseStructInit                   0x08002989   Thumb Code    18  stm32f10x_tim.o(.text)
    TIM_OCStructInit                         0x0800299b   Thumb Code    20  stm32f10x_tim.o(.text)
    TIM_ICStructInit                         0x080029af   Thumb Code    18  stm32f10x_tim.o(.text)
    TIM_BDTRStructInit                       0x080029c1   Thumb Code    40  stm32f10x_tim.o(.text)
    TIM_Cmd                                  0x080029e9   Thumb Code    24  stm32f10x_tim.o(.text)
    TIM_CtrlPWMOutputs                       0x08002a01   Thumb Code    30  stm32f10x_tim.o(.text)
    TIM_ITConfig                             0x08002a1f   Thumb Code    18  stm32f10x_tim.o(.text)
    TIM_GenerateEvent                        0x08002a31   Thumb Code     4  stm32f10x_tim.o(.text)
    TIM_DMAConfig                            0x08002a35   Thumb Code    10  stm32f10x_tim.o(.text)
    TIM_DMACmd                               0x08002a3f   Thumb Code    18  stm32f10x_tim.o(.text)
    TIM_InternalClockConfig                  0x08002a51   Thumb Code    12  stm32f10x_tim.o(.text)
    TIM_SelectInputTrigger                   0x08002a5d   Thumb Code    18  stm32f10x_tim.o(.text)
    TIM_ITRxExternalClockConfig              0x08002a6f   Thumb Code    24  stm32f10x_tim.o(.text)
    TIM_TIxExternalClockConfig               0x08002a87   Thumb Code    62  stm32f10x_tim.o(.text)
    TIM_ETRConfig                            0x08002ac5   Thumb Code    28  stm32f10x_tim.o(.text)
    TIM_ETRClockMode1Config                  0x08002ae1   Thumb Code    54  stm32f10x_tim.o(.text)
    TIM_ETRClockMode2Config                  0x08002b17   Thumb Code    32  stm32f10x_tim.o(.text)
    TIM_PrescalerConfig                      0x08002b37   Thumb Code     6  stm32f10x_tim.o(.text)
    TIM_CounterModeConfig                    0x08002b3d   Thumb Code    18  stm32f10x_tim.o(.text)
    TIM_EncoderInterfaceConfig               0x08002b4f   Thumb Code    66  stm32f10x_tim.o(.text)
    TIM_ForcedOC1Config                      0x08002b91   Thumb Code    18  stm32f10x_tim.o(.text)
    TIM_ForcedOC2Config                      0x08002ba3   Thumb Code    26  stm32f10x_tim.o(.text)
    TIM_ForcedOC3Config                      0x08002bbd   Thumb Code    18  stm32f10x_tim.o(.text)
    TIM_ForcedOC4Config                      0x08002bcf   Thumb Code    26  stm32f10x_tim.o(.text)
    TIM_ARRPreloadConfig                     0x08002be9   Thumb Code    24  stm32f10x_tim.o(.text)
    TIM_SelectCOM                            0x08002c01   Thumb Code    24  stm32f10x_tim.o(.text)
    TIM_SelectCCDMA                          0x08002c19   Thumb Code    24  stm32f10x_tim.o(.text)
    TIM_CCPreloadControl                     0x08002c31   Thumb Code    24  stm32f10x_tim.o(.text)
    TIM_OC1PreloadConfig                     0x08002c49   Thumb Code    18  stm32f10x_tim.o(.text)
    TIM_OC2PreloadConfig                     0x08002c5b   Thumb Code    26  stm32f10x_tim.o(.text)
    TIM_OC3PreloadConfig                     0x08002c75   Thumb Code    18  stm32f10x_tim.o(.text)
    TIM_OC4PreloadConfig                     0x08002c87   Thumb Code    26  stm32f10x_tim.o(.text)
    TIM_OC1FastConfig                        0x08002ca1   Thumb Code    18  stm32f10x_tim.o(.text)
    TIM_OC2FastConfig                        0x08002cb3   Thumb Code    26  stm32f10x_tim.o(.text)
    TIM_OC3FastConfig                        0x08002ccd   Thumb Code    18  stm32f10x_tim.o(.text)
    TIM_OC4FastConfig                        0x08002cdf   Thumb Code    26  stm32f10x_tim.o(.text)
    TIM_ClearOC1Ref                          0x08002cf9   Thumb Code    18  stm32f10x_tim.o(.text)
    TIM_ClearOC2Ref                          0x08002d0b   Thumb Code    24  stm32f10x_tim.o(.text)
    TIM_ClearOC3Ref                          0x08002d23   Thumb Code    18  stm32f10x_tim.o(.text)
    TIM_ClearOC4Ref                          0x08002d35   Thumb Code    24  stm32f10x_tim.o(.text)
    TIM_OC1PolarityConfig                    0x08002d4d   Thumb Code    18  stm32f10x_tim.o(.text)
    TIM_OC1NPolarityConfig                   0x08002d5f   Thumb Code    18  stm32f10x_tim.o(.text)
    TIM_OC2PolarityConfig                    0x08002d71   Thumb Code    26  stm32f10x_tim.o(.text)
    TIM_OC2NPolarityConfig                   0x08002d8b   Thumb Code    26  stm32f10x_tim.o(.text)
    TIM_OC3PolarityConfig                    0x08002da5   Thumb Code    26  stm32f10x_tim.o(.text)
    TIM_OC3NPolarityConfig                   0x08002dbf   Thumb Code    26  stm32f10x_tim.o(.text)
    TIM_OC4PolarityConfig                    0x08002dd9   Thumb Code    26  stm32f10x_tim.o(.text)
    TIM_CCxCmd                               0x08002df3   Thumb Code    30  stm32f10x_tim.o(.text)
    TIM_CCxNCmd                              0x08002e11   Thumb Code    30  stm32f10x_tim.o(.text)
    TIM_SelectOCxM                           0x08002e2f   Thumb Code    82  stm32f10x_tim.o(.text)
    TIM_UpdateDisableConfig                  0x08002e81   Thumb Code    24  stm32f10x_tim.o(.text)
    TIM_UpdateRequestConfig                  0x08002e99   Thumb Code    24  stm32f10x_tim.o(.text)
    TIM_SelectHallSensor                     0x08002eb1   Thumb Code    24  stm32f10x_tim.o(.text)
    TIM_SelectOnePulseMode                   0x08002ec9   Thumb Code    18  stm32f10x_tim.o(.text)
    TIM_SelectOutputTrigger                  0x08002edb   Thumb Code    18  stm32f10x_tim.o(.text)
    TIM_SelectSlaveMode                      0x08002eed   Thumb Code    18  stm32f10x_tim.o(.text)
    TIM_SelectMasterSlaveMode                0x08002eff   Thumb Code    18  stm32f10x_tim.o(.text)
    TIM_SetCounter                           0x08002f11   Thumb Code     4  stm32f10x_tim.o(.text)
    TIM_SetAutoreload                        0x08002f15   Thumb Code     4  stm32f10x_tim.o(.text)
    TIM_SetCompare1                          0x08002f19   Thumb Code     4  stm32f10x_tim.o(.text)
    TIM_SetCompare2                          0x08002f1d   Thumb Code     4  stm32f10x_tim.o(.text)
    TIM_SetCompare3                          0x08002f21   Thumb Code     4  stm32f10x_tim.o(.text)
    TIM_SetCompare4                          0x08002f25   Thumb Code     6  stm32f10x_tim.o(.text)
    TIM_SetClockDivision                     0x08002f2b   Thumb Code    18  stm32f10x_tim.o(.text)
    TIM_GetCapture1                          0x08002f3d   Thumb Code     6  stm32f10x_tim.o(.text)
    TIM_GetCapture2                          0x08002f43   Thumb Code     6  stm32f10x_tim.o(.text)
    TIM_GetCapture3                          0x08002f49   Thumb Code     6  stm32f10x_tim.o(.text)
    TIM_GetCapture4                          0x08002f4f   Thumb Code     8  stm32f10x_tim.o(.text)
    TIM_GetCounter                           0x08002f57   Thumb Code     6  stm32f10x_tim.o(.text)
    TIM_GetPrescaler                         0x08002f5d   Thumb Code     6  stm32f10x_tim.o(.text)
    TIM_GetFlagStatus                        0x08002f63   Thumb Code    18  stm32f10x_tim.o(.text)
    TIM_ClearFlag                            0x08002f75   Thumb Code     6  stm32f10x_tim.o(.text)
    TIM_GetITStatus                          0x08002f7b   Thumb Code    34  stm32f10x_tim.o(.text)
    TIM_ClearITPendingBit                    0x08002f9d   Thumb Code     6  stm32f10x_tim.o(.text)
    USART_DeInit                             0x08002fa5   Thumb Code   134  stm32f10x_usart.o(.text)
    USART_Init                               0x0800302b   Thumb Code   210  stm32f10x_usart.o(.text)
    USART_StructInit                         0x080030fd   Thumb Code    24  stm32f10x_usart.o(.text)
    USART_ClockInit                          0x08003115   Thumb Code    34  stm32f10x_usart.o(.text)
    USART_ClockStructInit                    0x08003137   Thumb Code    12  stm32f10x_usart.o(.text)
    USART_Cmd                                0x08003143   Thumb Code    24  stm32f10x_usart.o(.text)
    USART_ITConfig                           0x0800315b   Thumb Code    74  stm32f10x_usart.o(.text)
    USART_DMACmd                             0x080031a5   Thumb Code    18  stm32f10x_usart.o(.text)
    USART_SetAddress                         0x080031b7   Thumb Code    18  stm32f10x_usart.o(.text)
    USART_WakeUpConfig                       0x080031c9   Thumb Code    18  stm32f10x_usart.o(.text)
    USART_ReceiverWakeUpCmd                  0x080031db   Thumb Code    24  stm32f10x_usart.o(.text)
    USART_LINBreakDetectLengthConfig         0x080031f3   Thumb Code    18  stm32f10x_usart.o(.text)
    USART_LINCmd                             0x08003205   Thumb Code    24  stm32f10x_usart.o(.text)
    USART_SendData                           0x0800321d   Thumb Code     8  stm32f10x_usart.o(.text)
    USART_ReceiveData                        0x08003225   Thumb Code    10  stm32f10x_usart.o(.text)
    USART_SendBreak                          0x0800322f   Thumb Code    10  stm32f10x_usart.o(.text)
    USART_SetGuardTime                       0x08003239   Thumb Code    16  stm32f10x_usart.o(.text)
    USART_SetPrescaler                       0x08003249   Thumb Code    16  stm32f10x_usart.o(.text)
    USART_SmartCardCmd                       0x08003259   Thumb Code    24  stm32f10x_usart.o(.text)
    USART_SmartCardNACKCmd                   0x08003271   Thumb Code    24  stm32f10x_usart.o(.text)
    USART_HalfDuplexCmd                      0x08003289   Thumb Code    24  stm32f10x_usart.o(.text)
    USART_OverSampling8Cmd                   0x080032a1   Thumb Code    22  stm32f10x_usart.o(.text)
    USART_OneBitMethodCmd                    0x080032b7   Thumb Code    24  stm32f10x_usart.o(.text)
    USART_IrDAConfig                         0x080032cf   Thumb Code    18  stm32f10x_usart.o(.text)
    USART_IrDACmd                            0x080032e1   Thumb Code    24  stm32f10x_usart.o(.text)
    USART_GetFlagStatus                      0x080032f9   Thumb Code    26  stm32f10x_usart.o(.text)
    USART_ClearFlag                          0x08003313   Thumb Code    18  stm32f10x_usart.o(.text)
    USART_GetITStatus                        0x08003325   Thumb Code    84  stm32f10x_usart.o(.text)
    USART_ClearITPendingBit                  0x08003379   Thumb Code    52  stm32f10x_usart.o(.text)
    SystemInit                               0x08003489   Thumb Code    78  system_stm32f10x.o(.text)
    SystemCoreClockUpdate                    0x080034d7   Thumb Code   142  system_stm32f10x.o(.text)
    Reset_Handler                            0x08003589   Thumb Code     8  startup_stm32f10x_hd.o(.text)
    ADC1_2_IRQHandler                        0x080035a3   Thumb Code     0  startup_stm32f10x_hd.o(.text)
    ADC3_IRQHandler                          0x080035a3   Thumb Code     0  startup_stm32f10x_hd.o(.text)
    CAN1_RX1_IRQHandler                      0x080035a3   Thumb Code     0  startup_stm32f10x_hd.o(.text)
    CAN1_SCE_IRQHandler                      0x080035a3   Thumb Code     0  startup_stm32f10x_hd.o(.text)
    DMA1_Channel1_IRQHandler                 0x080035a3   Thumb Code     0  startup_stm32f10x_hd.o(.text)
    DMA1_Channel2_IRQHandler                 0x080035a3   Thumb Code     0  startup_stm32f10x_hd.o(.text)
    DMA1_Channel3_IRQHandler                 0x080035a3   Thumb Code     0  startup_stm32f10x_hd.o(.text)
    DMA1_Channel4_IRQHandler                 0x080035a3   Thumb Code     0  startup_stm32f10x_hd.o(.text)
    DMA1_Channel5_IRQHandler                 0x080035a3   Thumb Code     0  startup_stm32f10x_hd.o(.text)
    DMA1_Channel6_IRQHandler                 0x080035a3   Thumb Code     0  startup_stm32f10x_hd.o(.text)
    DMA1_Channel7_IRQHandler                 0x080035a3   Thumb Code     0  startup_stm32f10x_hd.o(.text)
    DMA2_Channel1_IRQHandler                 0x080035a3   Thumb Code     0  startup_stm32f10x_hd.o(.text)
    DMA2_Channel2_IRQHandler                 0x080035a3   Thumb Code     0  startup_stm32f10x_hd.o(.text)
    DMA2_Channel3_IRQHandler                 0x080035a3   Thumb Code     0  startup_stm32f10x_hd.o(.text)
    DMA2_Channel4_5_IRQHandler               0x080035a3   Thumb Code     0  startup_stm32f10x_hd.o(.text)
    EXTI1_IRQHandler                         0x080035a3   Thumb Code     0  startup_stm32f10x_hd.o(.text)
    EXTI2_IRQHandler                         0x080035a3   Thumb Code     0  startup_stm32f10x_hd.o(.text)
    FLASH_IRQHandler                         0x080035a3   Thumb Code     0  startup_stm32f10x_hd.o(.text)
    FSMC_IRQHandler                          0x080035a3   Thumb Code     0  startup_stm32f10x_hd.o(.text)
    I2C1_ER_IRQHandler                       0x080035a3   Thumb Code     0  startup_stm32f10x_hd.o(.text)
    I2C1_EV_IRQHandler                       0x080035a3   Thumb Code     0  startup_stm32f10x_hd.o(.text)
    I2C2_ER_IRQHandler                       0x080035a3   Thumb Code     0  startup_stm32f10x_hd.o(.text)
    I2C2_EV_IRQHandler                       0x080035a3   Thumb Code     0  startup_stm32f10x_hd.o(.text)
    PVD_IRQHandler                           0x080035a3   Thumb Code     0  startup_stm32f10x_hd.o(.text)
    RCC_IRQHandler                           0x080035a3   Thumb Code     0  startup_stm32f10x_hd.o(.text)
    RTCAlarm_IRQHandler                      0x080035a3   Thumb Code     0  startup_stm32f10x_hd.o(.text)
    RTC_IRQHandler                           0x080035a3   Thumb Code     0  startup_stm32f10x_hd.o(.text)
    SDIO_IRQHandler                          0x080035a3   Thumb Code     0  startup_stm32f10x_hd.o(.text)
    SPI1_IRQHandler                          0x080035a3   Thumb Code     0  startup_stm32f10x_hd.o(.text)
    SPI2_IRQHandler                          0x080035a3   Thumb Code     0  startup_stm32f10x_hd.o(.text)
    SPI3_IRQHandler                          0x080035a3   Thumb Code     0  startup_stm32f10x_hd.o(.text)
    TAMPER_IRQHandler                        0x080035a3   Thumb Code     0  startup_stm32f10x_hd.o(.text)
    TIM1_BRK_IRQHandler                      0x080035a3   Thumb Code     0  startup_stm32f10x_hd.o(.text)
    TIM1_CC_IRQHandler                       0x080035a3   Thumb Code     0  startup_stm32f10x_hd.o(.text)
    TIM1_TRG_COM_IRQHandler                  0x080035a3   Thumb Code     0  startup_stm32f10x_hd.o(.text)
    TIM1_UP_IRQHandler                       0x080035a3   Thumb Code     0  startup_stm32f10x_hd.o(.text)
    TIM4_IRQHandler                          0x080035a3   Thumb Code     0  startup_stm32f10x_hd.o(.text)
    TIM5_IRQHandler                          0x080035a3   Thumb Code     0  startup_stm32f10x_hd.o(.text)
    TIM6_IRQHandler                          0x080035a3   Thumb Code     0  startup_stm32f10x_hd.o(.text)
    TIM7_IRQHandler                          0x080035a3   Thumb Code     0  startup_stm32f10x_hd.o(.text)
    TIM8_BRK_IRQHandler                      0x080035a3   Thumb Code     0  startup_stm32f10x_hd.o(.text)
    TIM8_CC_IRQHandler                       0x080035a3   Thumb Code     0  startup_stm32f10x_hd.o(.text)
    TIM8_TRG_COM_IRQHandler                  0x080035a3   Thumb Code     0  startup_stm32f10x_hd.o(.text)
    TIM8_UP_IRQHandler                       0x080035a3   Thumb Code     0  startup_stm32f10x_hd.o(.text)
    UART4_IRQHandler                         0x080035a3   Thumb Code     0  startup_stm32f10x_hd.o(.text)
    UART5_IRQHandler                         0x080035a3   Thumb Code     0  startup_stm32f10x_hd.o(.text)
    USBWakeUp_IRQHandler                     0x080035a3   Thumb Code     0  startup_stm32f10x_hd.o(.text)
    USB_HP_CAN1_TX_IRQHandler                0x080035a3   Thumb Code     0  startup_stm32f10x_hd.o(.text)
    USB_LP_CAN1_RX0_IRQHandler               0x080035a3   Thumb Code     0  startup_stm32f10x_hd.o(.text)
    WWDG_IRQHandler                          0x080035a3   Thumb Code     0  startup_stm32f10x_hd.o(.text)
    __scatterload                            0x080035ad   Thumb Code    28  init.o(.text)
    __scatterload_rt2                        0x080035ad   Thumb Code     0  init.o(.text)
    __scatterload_copy                       0x080035d1   Thumb Code    14  handlers.o(i.__scatterload_copy)
    __scatterload_null                       0x080035df   Thumb Code     2  handlers.o(i.__scatterload_null)
    __scatterload_zeroinit                   0x080035e1   Thumb Code    14  handlers.o(i.__scatterload_zeroinit)
    g_McRctable_16                           0x080035ee   Data         512  crc16.o(.constdata)
    Region$$Table$$Base                      0x080037f0   Number         0  anon$$obj.o(Region$$Table)
    Region$$Table$$Limit                     0x08003810   Number         0  anon$$obj.o(Region$$Table)
    Device_State                             0x20000000   Data           1  main.o(.data)
    Auto_Frame_Time1                         0x20000003   Data           1  usart.o(.data)
    Auto_Frame_Time2                         0x20000004   Data           1  usart.o(.data)
    Auto_Frame_Time3                         0x20000005   Data           1  usart.o(.data)
    Gled_Num                                 0x20000012   Data           1  led.o(.data)
    Rled_Num                                 0x20000013   Data           1  led.o(.data)
    Gled_Light_Static                        0x20000014   Data           1  led.o(.data)
    Rled_Light_Static                        0x20000015   Data           1  led.o(.data)
    Host_Answer                              0x2000001c   Data           6  communication.o(.data)
    SystemCoreClock                          0x20000038   Data           4  system_stm32f10x.o(.data)
    AHBPrescTable                            0x2000003c   Data          16  system_stm32f10x.o(.data)
    Usart1_Control_Data                      0x2000004c   Data        1034  usart.o(.bss)
    Usart2_Control_Data                      0x20000456   Data        1034  usart.o(.bss)
    Usart3_Control_Data                      0x20000860   Data        1034  usart.o(.bss)
    Host_Control                             0x20000c6a   Data          16  communication.o(.bss)
    Baffle_Control                           0x20000c7a   Data          10  baffle.o(.bss)
    Control                                  0x20000c84   Data           9  exti.o(.bss)
    __initial_sp                             0x20001090   Data           0  startup_stm32f10x_hd.o(STACK)



==============================================================================

Memory Map of the image

  Image Entry point : 0x08000131

  Load Region LR_IROM1 (Base: 0x08000000, Size: 0x0000385c, Max: 0x00010000, ABSOLUTE)

    Execution Region ER_IROM1 (Base: 0x08000000, Size: 0x00003810, Max: 0x00010000, ABSOLUTE)

    Base Addr    Size         Type   Attr      Idx    E Section Name        Object

    0x08000000   0x00000130   Data   RO          413    RESET               startup_stm32f10x_hd.o
    0x08000130   0x00000000   Code   RO          418  * .ARM.Collect$$$$00000000  mc_w.l(entry.o)
    0x08000130   0x00000004   Code   RO          421    .ARM.Collect$$$$00000001  mc_w.l(entry2.o)
    0x08000134   0x00000004   Code   RO          424    .ARM.Collect$$$$00000004  mc_w.l(entry5.o)
    0x08000138   0x00000000   Code   RO          426    .ARM.Collect$$$$00000008  mc_w.l(entry7b.o)
    0x08000138   0x00000000   Code   RO          428    .ARM.Collect$$$$0000000A  mc_w.l(entry8b.o)
    0x08000138   0x00000008   Code   RO          429    .ARM.Collect$$$$0000000B  mc_w.l(entry9a.o)
    0x08000140   0x00000000   Code   RO          431    .ARM.Collect$$$$0000000D  mc_w.l(entry10a.o)
    0x08000140   0x00000000   Code   RO          433    .ARM.Collect$$$$0000000F  mc_w.l(entry11a.o)
    0x08000140   0x00000004   Code   RO          422    .ARM.Collect$$$$00002712  mc_w.l(entry2.o)
    0x08000144   0x00000060   Code   RO            1    .text               main.o
    0x080001a4   0x00000098   Code   RO          101    .text               crc16.o
    0x0800023c   0x000001e8   Code   RO          120    .text               stm32f10x_it.o
    0x08000424   0x00000174   Code   RO          135    .text               tim.o
    0x08000598   0x00000648   Code   RO          147    .text               usart.o
    0x08000be0   0x000000d0   Code   RO          167    .text               delay.o
    0x08000cb0   0x0000017c   Code   RO          181    .text               led.o
    0x08000e2c   0x00000634   Code   RO          199    .text               communication.o
    0x08001460   0x000001a0   Code   RO          215    .text               baffle.o
    0x08001600   0x00000294   Code   RO          235    .text               exti.o
    0x08001894   0x000000dc   Code   RO          254    .text               misc.o
    0x08001970   0x0000011c   Code   RO          281    .text               stm32f10x_exti.o
    0x08001a8c   0x00000358   Code   RO          293    .text               stm32f10x_gpio.o
    0x08001de4   0x000003a4   Code   RO          317    .text               stm32f10x_rcc.o
    0x08002188   0x00000e1a   Code   RO          358    .text               stm32f10x_tim.o
    0x08002fa2   0x00000002   PAD
    0x08002fa4   0x00000408   Code   RO          370    .text               stm32f10x_usart.o
    0x080033ac   0x000001dc   Code   RO          393    .text               system_stm32f10x.o
    0x08003588   0x00000024   Code   RO          414    .text               startup_stm32f10x_hd.o
    0x080035ac   0x00000024   Code   RO          435    .text               mc_w.l(init.o)
    0x080035d0   0x0000000e   Code   RO          439    i.__scatterload_copy  mc_w.l(handlers.o)
    0x080035de   0x00000002   Code   RO          440    i.__scatterload_null  mc_w.l(handlers.o)
    0x080035e0   0x0000000e   Code   RO          441    i.__scatterload_zeroinit  mc_w.l(handlers.o)
    0x080035ee   0x00000200   Data   RO          102    .constdata          crc16.o
    0x080037ee   0x00000002   PAD
    0x080037f0   0x00000020   Data   RO          437    Region$$Table       anon$$obj.o


    Execution Region RW_IRAM1 (Base: 0x20000000, Size: 0x00001090, Max: 0x00005000, ABSOLUTE)

    Base Addr    Size         Type   Attr      Idx    E Section Name        Object

    0x20000000   0x00000001   Data   RW            2    .data               main.o
    0x20000001   0x00000005   Data   RW          149    .data               usart.o
    0x20000006   0x00000004   Data   RW          168    .data               delay.o
    0x2000000a   0x0000000c   Data   RW          182    .data               led.o
    0x20000016   0x0000000c   Data   RW          201    .data               communication.o
    0x20000022   0x00000002   Data   RW          217    .data               baffle.o
    0x20000024   0x00000014   Data   RW          318    .data               stm32f10x_rcc.o
    0x20000038   0x00000014   Data   RW          394    .data               system_stm32f10x.o
    0x2000004c   0x00000c1e   Zero   RW          148    .bss                usart.o
    0x20000c6a   0x00000010   Zero   RW          200    .bss                communication.o
    0x20000c7a   0x0000000a   Zero   RW          216    .bss                baffle.o
    0x20000c84   0x00000009   Zero   RW          236    .bss                exti.o
    0x20000c8d   0x00000003   PAD
    0x20000c90   0x00000400   Zero   RW          411    STACK               startup_stm32f10x_hd.o


==============================================================================

Image component sizes


      Code (inc. data)   RO Data    RW Data    ZI Data      Debug   Object Name

       416         22          0          2         10       6031   baffle.o
      1588        112          0         12         16       2843   communication.o
         0          0          0          0          0         32   core_cm3.o
       152          4        512          0          0       6665   crc16.o
       208         18          0          4          0        931   delay.o
       660          8          0          0          9       6958   exti.o
       380         44          0         12          0       1396   led.o
        96          4          0          1          0     255344   main.o
       220         20          0          0          0       1829   misc.o
        36          8        304          0       1024        796   startup_stm32f10x_hd.o
       284         10          0          0          0       2267   stm32f10x_exti.o
       856         40          0          0          0       5673   stm32f10x_gpio.o
       488         40          0          0          0       2100   stm32f10x_it.o
       932         44          0         20          0       8828   stm32f10x_rcc.o
      3610         88          0          0          0      22164   stm32f10x_tim.o
      1032         22          0          0          0       8400   stm32f10x_usart.o
       476         36          0         20          0       1739   system_stm32f10x.o
       372          8          0          0          0       1310   tim.o
      1608         70          0          5       3102       9459   usart.o

    ----------------------------------------------------------------------
     13416        598        850         76       4164     344765   Object Totals
         0          0         32          0          0          0   (incl. Generated)
         2          0          2          0          3          0   (incl. Padding)

    ----------------------------------------------------------------------

      Code (inc. data)   RO Data    RW Data    ZI Data      Debug   Library Member Name

         0          0          0          0          0          0   entry.o
         0          0          0          0          0          0   entry10a.o
         0          0          0          0          0          0   entry11a.o
         8          4          0          0          0          0   entry2.o
         4          0          0          0          0          0   entry5.o
         0          0          0          0          0          0   entry7b.o
         0          0          0          0          0          0   entry8b.o
         8          4          0          0          0          0   entry9a.o
        30          0          0          0          0          0   handlers.o
        36          8          0          0          0         68   init.o

    ----------------------------------------------------------------------
        86         16          0          0          0         68   Library Totals
         0          0          0          0          0          0   (incl. Padding)

    ----------------------------------------------------------------------

      Code (inc. data)   RO Data    RW Data    ZI Data      Debug   Library Name

        86         16          0          0          0         68   mc_w.l

    ----------------------------------------------------------------------
        86         16          0          0          0         68   Library Totals

    ----------------------------------------------------------------------

==============================================================================


      Code (inc. data)   RO Data    RW Data    ZI Data      Debug   

     13502        614        850         76       4164     343429   Grand Totals
     13502        614        850         76       4164     343429   ELF Image Totals
     13502        614        850         76          0          0   ROM Totals

==============================================================================

    Total RO  Size (Code + RO Data)                14352 (  14.02kB)
    Total RW  Size (RW Data + ZI Data)              4240 (   4.14kB)
    Total ROM Size (Code + RO Data + RW Data)      14428 (  14.09kB)

==============================================================================

